// Jest Snapshot v1, https://goo.gl/fbAQLP

exports[`LanguageSelector Snapshot & Behavior Tests Behavior w/ language codes selecting Chinese calls changeLanguage with its CODE (zh) 1`] = `
[
  <TouchableOpacity
    onPress={[Function]}
    style={
      {
        "backgroundColor": "#f0f0f0",
        "borderRadius": 5,
        "marginHorizontal": 10,
        "padding": 10,
      }
    }
  >
    <Text
      style={
        {
          "fontSize": 16,
          "textAlign": "center",
        }
      }
    >
      🌐 
      🇬🇧
    </Text>
  </TouchableOpacity>,
  <View
    style={
      {
        "alignItems": "center",
        "backgroundColor": "rgba(0,0,0,0.5)",
        "flex": 1,
        "justifyContent": "center",
      }
    }
  >
    <View
      style={
        {
          "backgroundColor": "white",
          "borderRadius": 10,
          "maxWidth": 300,
          "padding": 20,
          "width": "80%",
        }
      }
    >
      <Text
        style={
          {
            "fontSize": 18,
            "fontWeight": "bold",
            "marginBottom": 15,
            "textAlign": "center",
          }
        }
      >
        Select Language
      </Text>
      <TouchableOpacity
        onPress={[Function]}
        style={
          [
            {
              "alignItems": "center",
              "borderBottomColor": "#eee",
              "borderBottomWidth": 1,
              "flexDirection": "row",
              "padding": 15,
            },
            {
              "backgroundColor": "#e3f2fd",
            },
          ]
        }
      >
        <Text
          style={
            {
              "fontSize": 18,
              "marginRight": 12,
            }
          }
        >
          🇬🇧
        </Text>
        <Text
          style={
            [
              {
                "fontSize": 16,
              },
              {
                "fontWeight": "bold",
              },
            ]
          }
        >
          English
        </Text>
      </TouchableOpacity>
      <TouchableOpacity
        onPress={[Function]}
        style={
          [
            {
              "alignItems": "center",
              "borderBottomColor": "#eee",
              "borderBottomWidth": 1,
              "flexDirection": "row",
              "padding": 15,
            },
            false,
          ]
        }
      >
        <Text
          style={
            {
              "fontSize": 18,
              "marginRight": 12,
            }
          }
        >
          🇪🇸
        </Text>
        <Text
          style={
            [
              {
                "fontSize": 16,
              },
              false,
            ]
          }
        >
          Spanish
        </Text>
      </TouchableOpacity>
      <TouchableOpacity
        onPress={[Function]}
        style={
          [
            {
              "alignItems": "center",
              "borderBottomColor": "#eee",
              "borderBottomWidth": 1,
              "flexDirection": "row",
              "padding": 15,
            },
            false,
          ]
        }
      >
        <Text
          style={
            {
              "fontSize": 18,
              "marginRight": 12,
            }
          }
        >
          🇨🇳
        </Text>
        <Text
          style={
            [
              {
                "fontSize": 16,
              },
              false,
            ]
          }
        >
          Chinese
        </Text>
      </TouchableOpacity>
      <TouchableOpacity
        onPress={[Function]}
        style={
          [
            {
              "alignItems": "center",
              "borderBottomColor": "#eee",
              "borderBottomWidth": 1,
              "flexDirection": "row",
              "padding": 15,
            },
            false,
          ]
        }
      >
        <Text
          style={
            {
              "fontSize": 18,
              "marginRight": 12,
            }
          }
        >
          🇳🇱
        </Text>
        <Text
          style={
            [
              {
                "fontSize": 16,
              },
              false,
            ]
          }
        >
          Dutch
        </Text>
      </TouchableOpacity>
      <TouchableOpacity
        onPress={[Function]}
        style={
          {
            "backgroundColor": "#007AFF",
            "borderRadius": 5,
            "marginTop": 15,
            "padding": 10,
          }
        }
      >
        <Text
          style={
            {
              "color": "white",
              "fontSize": 16,
              "textAlign": "center",
            }
          }
        >
          Close
        </Text>
      </TouchableOpacity>
    </View>
  </View>,
]
`;

exports[`LanguageSelector Snapshot & Behavior Tests Closed Modal States should match snapshot with Chinese selected 1`] = `
<TouchableOpacity
  onPress={[Function]}
  style={
    {
      "backgroundColor": "#f0f0f0",
      "borderRadius": 5,
      "marginHorizontal": 10,
      "padding": 10,
    }
  }
>
  <Text
    style={
      {
        "fontSize": 16,
        "textAlign": "center",
      }
    }
  >
    🌐 
    🇨🇳
  </Text>
</TouchableOpacity>
`;

exports[`LanguageSelector Snapshot & Behavior Tests Closed Modal States should match snapshot with Dutch selected 1`] = `
<TouchableOpacity
  onPress={[Function]}
  style={
    {
      "backgroundColor": "#f0f0f0",
      "borderRadius": 5,
      "marginHorizontal": 10,
      "padding": 10,
    }
  }
>
  <Text
    style={
      {
        "fontSize": 16,
        "textAlign": "center",
      }
    }
  >
    🌐 
    🇳🇱
  </Text>
</TouchableOpacity>
`;

exports[`LanguageSelector Snapshot & Behavior Tests Closed Modal States should match snapshot with English selected 1`] = `
<TouchableOpacity
  onPress={[Function]}
  style={
    {
      "backgroundColor": "#f0f0f0",
      "borderRadius": 5,
      "marginHorizontal": 10,
      "padding": 10,
    }
  }
>
  <Text
    style={
      {
        "fontSize": 16,
        "textAlign": "center",
      }
    }
  >
    🌐 
    🌐
  </Text>
</TouchableOpacity>
`;

exports[`LanguageSelector Snapshot & Behavior Tests Closed Modal States should match snapshot with Spanish selected 1`] = `
<TouchableOpacity
  onPress={[Function]}
  style={
    {
      "backgroundColor": "#f0f0f0",
      "borderRadius": 5,
      "marginHorizontal": 10,
      "padding": 10,
    }
  }
>
  <Text
    style={
      {
        "fontSize": 16,
        "textAlign": "center",
      }
    }
  >
    🌐 
    🇪🇸
  </Text>
</TouchableOpacity>
`;

exports[`LanguageSelector Snapshot & Behavior Tests Edge Cases should match snapshot when getAvailableLanguages returns null 1`] = `
<TouchableOpacity
  onPress={[Function]}
  style={
    {
      "backgroundColor": "#f0f0f0",
      "borderRadius": 5,
      "marginHorizontal": 10,
      "padding": 10,
    }
  }
>
  <Text
    style={
      {
        "fontSize": 16,
        "textAlign": "center",
      }
    }
  >
    🌐 
    🇬🇧
  </Text>
</TouchableOpacity>
`;

exports[`LanguageSelector Snapshot & Behavior Tests Edge Cases should match snapshot when getCurrentLanguageDisplay returns null 1`] = `
<TouchableOpacity
  onPress={[Function]}
  style={
    {
      "backgroundColor": "#f0f0f0",
      "borderRadius": 5,
      "marginHorizontal": 10,
      "padding": 10,
    }
  }
>
  <Text
    style={
      {
        "fontSize": 16,
        "textAlign": "center",
      }
    }
  >
    🌐 
    🌐
  </Text>
</TouchableOpacity>
`;

exports[`LanguageSelector Snapshot & Behavior Tests Edge Cases should match snapshot when getCurrentLanguageDisplay returns undefined 1`] = `
<TouchableOpacity
  onPress={[Function]}
  style={
    {
      "backgroundColor": "#f0f0f0",
      "borderRadius": 5,
      "marginHorizontal": 10,
      "padding": 10,
    }
  }
>
  <Text
    style={
      {
        "fontSize": 16,
        "textAlign": "center",
      }
    }
  >
    🌐 
    🌐
  </Text>
</TouchableOpacity>
`;

exports[`LanguageSelector Snapshot & Behavior Tests Edge Cases should match snapshot with very long language names 1`] = `
<TouchableOpacity
  onPress={[Function]}
  style={
    {
      "backgroundColor": "#f0f0f0",
      "borderRadius": 5,
      "marginHorizontal": 10,
      "padding": 10,
    }
  }
>
  <Text
    style={
      {
        "fontSize": 16,
        "textAlign": "center",
      }
    }
  >
    🌐 
    🌐
  </Text>
</TouchableOpacity>
`;

exports[`LanguageSelector Snapshot & Behavior Tests Open Modal States should match snapshot with empty language options 1`] = `
<TouchableOpacity
  onPress={[Function]}
  style={
    {
      "backgroundColor": "#f0f0f0",
      "borderRadius": 5,
      "marginHorizontal": 10,
      "padding": 10,
    }
  }
>
  <Text
    style={
      {
        "fontSize": 16,
        "textAlign": "center",
      }
    }
  >
    🌐 
    🇬🇧
  </Text>
</TouchableOpacity>
`;

exports[`LanguageSelector Snapshot & Behavior Tests Open Modal States should match snapshot with limited language options 1`] = `
<TouchableOpacity
  onPress={[Function]}
  style={
    {
      "backgroundColor": "#f0f0f0",
      "borderRadius": 5,
      "marginHorizontal": 10,
      "padding": 10,
    }
  }
>
  <Text
    style={
      {
        "fontSize": 16,
        "textAlign": "center",
      }
    }
  >
    🌐 
    🇬🇧
  </Text>
</TouchableOpacity>
`;

exports[`LanguageSelector Snapshot & Behavior Tests Open Modal States should match snapshot with modal open - English current 1`] = `
[
  <TouchableOpacity
    onPress={[Function]}
    style={
      {
        "backgroundColor": "#f0f0f0",
        "borderRadius": 5,
        "marginHorizontal": 10,
        "padding": 10,
      }
    }
  >
    <Text
      style={
        {
          "fontSize": 16,
          "textAlign": "center",
        }
      }
    >
      🌐 
      🇬🇧
    </Text>
  </TouchableOpacity>,
  <View
    style={
      {
        "alignItems": "center",
        "backgroundColor": "rgba(0,0,0,0.5)",
        "flex": 1,
        "justifyContent": "center",
      }
    }
  >
    <View
      style={
        {
          "backgroundColor": "white",
          "borderRadius": 10,
          "maxWidth": 300,
          "padding": 20,
          "width": "80%",
        }
      }
    >
      <Text
        style={
          {
            "fontSize": 18,
            "fontWeight": "bold",
            "marginBottom": 15,
            "textAlign": "center",
          }
        }
      >
        Select Language
      </Text>
      <TouchableOpacity
        onPress={[Function]}
        style={
          [
            {
              "alignItems": "center",
              "borderBottomColor": "#eee",
              "borderBottomWidth": 1,
              "flexDirection": "row",
              "padding": 15,
            },
            {
              "backgroundColor": "#e3f2fd",
            },
          ]
        }
      >
        <Text
          style={
            {
              "fontSize": 18,
              "marginRight": 12,
            }
          }
        >
          🇬🇧
        </Text>
        <Text
          style={
            [
              {
                "fontSize": 16,
              },
              {
                "fontWeight": "bold",
              },
            ]
          }
        >
          English
        </Text>
      </TouchableOpacity>
      <TouchableOpacity
        onPress={[Function]}
        style={
          [
            {
              "alignItems": "center",
              "borderBottomColor": "#eee",
              "borderBottomWidth": 1,
              "flexDirection": "row",
              "padding": 15,
            },
            false,
          ]
        }
      >
        <Text
          style={
            {
              "fontSize": 18,
              "marginRight": 12,
            }
          }
        >
          🇪🇸
        </Text>
        <Text
          style={
            [
              {
                "fontSize": 16,
              },
              false,
            ]
          }
        >
          Spanish
        </Text>
      </TouchableOpacity>
      <TouchableOpacity
        onPress={[Function]}
        style={
          [
            {
              "alignItems": "center",
              "borderBottomColor": "#eee",
              "borderBottomWidth": 1,
              "flexDirection": "row",
              "padding": 15,
            },
            false,
          ]
        }
      >
        <Text
          style={
            {
              "fontSize": 18,
              "marginRight": 12,
            }
          }
        >
          🇨🇳
        </Text>
        <Text
          style={
            [
              {
                "fontSize": 16,
              },
              false,
            ]
          }
        >
          Chinese
        </Text>
      </TouchableOpacity>
      <TouchableOpacity
        onPress={[Function]}
        style={
          [
            {
              "alignItems": "center",
              "borderBottomColor": "#eee",
              "borderBottomWidth": 1,
              "flexDirection": "row",
              "padding": 15,
            },
            false,
          ]
        }
      >
        <Text
          style={
            {
              "fontSize": 18,
              "marginRight": 12,
            }
          }
        >
          🇳🇱
        </Text>
        <Text
          style={
            [
              {
                "fontSize": 16,
              },
              false,
            ]
          }
        >
          Dutch
        </Text>
      </TouchableOpacity>
      <TouchableOpacity
        onPress={[Function]}
        style={
          {
            "backgroundColor": "#007AFF",
            "borderRadius": 5,
            "marginTop": 15,
            "padding": 10,
          }
        }
      >
        <Text
          style={
            {
              "color": "white",
              "fontSize": 16,
              "textAlign": "center",
            }
          }
        >
          Close
        </Text>
      </TouchableOpacity>
    </View>
  </View>,
]
`;

exports[`LanguageSelector Snapshot & Behavior Tests Open Modal States should match snapshot with single language option 1`] = `
<TouchableOpacity
  onPress={[Function]}
  style={
    {
      "backgroundColor": "#f0f0f0",
      "borderRadius": 5,
      "marginHorizontal": 10,
      "padding": 10,
    }
  }
>
  <Text
    style={
      {
        "fontSize": 16,
        "textAlign": "center",
      }
    }
  >
    🌐 
    🇬🇧
  </Text>
</TouchableOpacity>
`;

exports[`LanguageSelector Snapshot & Behavior Tests Props Variations should match snapshot with custom LANGUAGE_CODES 1`] = `
<TouchableOpacity
  onPress={[Function]}
  style={
    {
      "backgroundColor": "#f0f0f0",
      "borderRadius": 5,
      "marginHorizontal": 10,
      "padding": 10,
    }
  }
>
  <Text
    style={
      {
        "fontSize": 16,
        "textAlign": "center",
      }
    }
  >
    🌐 
    🌐
  </Text>
</TouchableOpacity>
`;
